// Vitest Snapshot v1

exports[`Page: Home > should render snapshot 1`] = `
<div>
  <div>
    hello world
  </div>
</div>
`;
